test/functional/data/success: 440.00B, Directories: 2, Files: 4
test/functional/data/success/d1: 172.00B, Directories: 1, Files: 2
test/functional/data/success/d1/ɑÖɣÄ: 8.00B, Directories: 0, Files: 1
test/functional/data/success/🧑‍🌾: 6.00B, Directories: 0, Files: 1
test/functional/data/success/🇺🇸🇳🇿: 6.00B, Directories: 0, Files: 1
test/functional/data/success/d1/f1: 4.00B, Directories: 0, Files: 1
