test/functional/data/success: 24.61K, Directories: 6, Files: 5
