test/functional/data/success: 24.61K, Directories: 6, Files: 5
test/functional/data/success/d2: 16.40K, Directories: 4, Files: 2
test/functional/data/success/d2/d2: 8.21K, Directories: 2, Files: 1
test/functional/data/success/d1: 4.11K, Directories: 1, Files: 3
test/functional/data/success/d2/d1: 4.10K, Directories: 1, Files: 1
test/functional/data/success/d1/ɑÖɣÄ: 8.00B, Directories: 0, Files: 1
test/functional/data/success/d1/f2: 5.00B, Directories: 0, Files: 1
test/functional/data/success/d1/f1: 4.00B, Directories: 0, Files: 1
