test/functional/data/success: 761.00B, Directories: 6, Files: 4

