test/functional/data/success: 877.00B, Directories: 6, Files: 7
test/functional/data/success/d2: 432.00B, Directories: 4, Files: 2
test/functional/data/success/d2/d2: 206.00B, Directories: 2, Files: 1
test/functional/data/success/d1: 177.00B, Directories: 1, Files: 3
test/functional/data/success/d2/d1: 98.00B, Directories: 1, Files: 1
test/functional/data/success/d1/ɑÖɣÄ: 8.00B, Directories: 0, Files: 1
test/functional/data/success/🧑‍🌾: 6.00B, Directories: 0, Files: 1
test/functional/data/success/🇺🇸🇳🇿: 6.00B, Directories: 0, Files: 1
test/functional/data/success/d1/f2: 5.00B, Directories: 0, Files: 1
test/functional/data/success/d1/f1: 4.00B, Directories: 0, Files: 1
