test\functional\data\success\.hidden\f1: 18.00B, Directories: 0, Files: 1
test\functional\data\success\d2\d2\d1\f1: 15.00B, Directories: 0, Files: 1
test\functional\data\success\.h1: 13.00B, Directories: 0, Files: 1
test\functional\data\success\d1\ɑÖɣÄ: 9.00B, Directories: 0, Files: 1
test\functional\data\success\🧑‍🌾: 7.00B, Directories: 0, Files: 1
test\functional\data\success\🇺🇸🇳🇿: 7.00B, Directories: 0, Files: 1
test\functional\data\success\d1\f2: 6.00B, Directories: 0, Files: 1
test\functional\data\success\d1\f1: 5.00B, Directories: 0, Files: 1
test\functional\data\success\d2\d1\f1: 3.00B, Directories: 0, Files: 1
test\functional\data\success\d2\d2\d1: 0.00B, Directories: 1, Files: 1
test\functional\data\success\d2\d2: 0.00B, Directories: 2, Files: 1
test\functional\data\success\d2\d1: 0.00B, Directories: 1, Files: 1
test\functional\data\success\d2: 0.00B, Directories: 4, Files: 2
test\functional\data\success\d1: 0.00B, Directories: 1, Files: 3
test\functional\data\success\.hidden: 0.00B, Directories: 1, Files: 1
test\functional\data\success: 0.00B, Directories: 7, Files: 9
