test\functional\data\success: 60.00B, Directories: 7, Files: 6
