test/functional/data/success: 877.00B, Directories: 6, Files: 7
test/functional/data/success/d2: 432.00B, Directories: 4, Files: 2
test/functional/data/success/d1: 177.00B, Directories: 1, Files: 3
test/functional/data/success/🧑‍🌾: 6.00B, Directories: 0, Files: 1
test/functional/data/success/🇺🇸🇳🇿: 6.00B, Directories: 0, Files: 1
