Path: "test/functional/data/partial/d1/is-dir-err". Error: dir err
Path: "test/functional/data/partial/d1/is-sym-link-err". Error: sym link err
Path: "test/functional/data/partial/size-err". Error: bad size

test/functional/data/partial: 8.20K, Directories: 2, Files: 2
test/functional/data/partial/d1: 4.10K, Directories: 1, Files: 1
test/functional/data/partial/f1: 4.00B, Directories: 0, Files: 1
test/functional/data/partial/d1/good: 3.00B, Directories: 0, Files: 1

