Path                                     |   Size | Dirs | Files
----------------------------------------------------------------
test/functional/data/success             | 24.62K |    6 |     7
test/functional/data/success/d2          | 16.40K |    4 |     2
test/functional/data/success/d2/d2       |  8.21K |    2 |     1
test/functional/data/success/d1          |  4.11K |    1 |     3
test/functional/data/success/d2/d2/d1    |  4.11K |    1 |     1
test/functional/data/success/d2/d1       |  4.10K |    1 |     1
test/functional/data/success/d2/d2/d1/f1 | 14.00B |    0 |     1
test/functional/data/success/d1/ɑÖɣÄ     |  8.00B |    0 |     1
test/functional/data/success/🧑‍🌾          |  6.00B |    0 |     1
test/functional/data/success/🇺🇸🇳🇿        |  6.00B |    0 |     1
test/functional/data/success/d1/f2       |  5.00B |    0 |     1
test/functional/data/success/d1/f1       |  4.00B |    0 |     1
test/functional/data/success/d2/d1/f1    |  2.00B |    0 |     1
