Error for path 'test/functional/data/failure': does not exist

