Path                                     |    Size | Dirs | Files
-----------------------------------------------------------------
test/functional/data/success             | 761.00B |    6 |     4
test/functional/data/success/d2          | 432.00B |    4 |     2
test/functional/data/success/d2/d2       | 206.00B |    2 |     1
test/functional/data/success/d1          | 137.00B |    1 |     2
test/functional/data/success/d2/d2/d1    | 110.00B |    1 |     1
test/functional/data/success/d2/d1       |  98.00B |    1 |     1
test/functional/data/success/d2/d2/d1/f1 |  14.00B |    0 |     1
test/functional/data/success/d1/f2       |   5.00B |    0 |     1
test/functional/data/success/d1/f1       |   4.00B |    0 |     1
test/functional/data/success/d2/d1/f1    |   2.00B |    0 |     1
