Path: "test\\functional\\data\\failure". Error: does not exist

