<dir>/test/functional/data: 24.60K, Directories: 6, Files: 4
