<dir>/test/functional/data/d2/d2/d1/f1: 14.00B, Directories: 0, Files: 1
<dir>/test/functional/data/d1/f2: 5.00B, Directories: 0, Files: 1
<dir>/test/functional/data/d1/f1: 4.00B, Directories: 0, Files: 1
<dir>/test/functional/data/d2/d1/f1: 2.00B, Directories: 0, Files: 1
<dir>/test/functional/data/d2/d2/d1: 0.00B, Directories: 1, Files: 1
<dir>/test/functional/data/d2/d2: 0.00B, Directories: 2, Files: 1
<dir>/test/functional/data/d2/d1: 0.00B, Directories: 1, Files: 1
<dir>/test/functional/data/d2: 0.00B, Directories: 4, Files: 2
<dir>/test/functional/data/d1: 0.00B, Directories: 1, Files: 2
<dir>/test/functional/data: 0.00B, Directories: 6, Files: 4
