<dir>/test/functional/data: 24.60K, Directories: 6, Files: 4
<dir>/test/functional/data/d2: 16.40K, Directories: 4, Files: 2
<dir>/test/functional/data/d1: 4.10K, Directories: 1, Files: 2
