<dir>/test/functional/data: 4.00B
<dir>/test/functional/data/d1: 4.00B
<dir>/test/functional/data/d1/f1: 4.00B
